[antoraenergy.com/index.html]
[backblue.gif]
[fade.gif]
[index.html]
[images.squarespace-cdn.com/content/61cce1ec2ed28d268711c055/f5b07ed6-1632-4c2e-95ab-cb08f49b6d72/Horizontal2acd.png]
[assets.squarespace.com/universal/scripts-compressed/extract-css-runtime-df0bcb3fb161c9761a2a8-min.en-US.js]
[assets.squarespace.com/@sqs/polyfiller/1.2.2/legacy.js]
[assets.squarespace.com/@sqs/polyfiller/1.2.2/modern.js]
[assets.squarespace.com/universal/scripts-compressed/cldr-resource-pack-51def4af8f210f9d1e4fa-min.en-US.js]
[assets.squarespace.com/universal/scripts-compressed/common-vendors-stable-1f7107f1c77c3d102a5a3-min.en-US.js]
[assets.squarespace.com/universal/scripts-compressed/extract-css-moment-js-vendor-0c99b8bf7f3dd5358b2f5-min.en-US.js]
[assets.squarespace.com/universal/scripts-compressed/performance-cb1629545a06e6971eddd-min.en-US.js]
[static1.squarespace.com/static/versioned-site-css/61cce1ec2ed28d268711c055/78/5c5a519771c10ba3470d8101/61cce1ec2ed28d268711c088/1233/site.css]
[images.squarespace-cdn.com/content/v1/61cce1ec2ed28d268711c055/f5b07ed6-1632-4c2e-95ab-cb08f49b6d72/Horizontal26f7.png]
[antoraenergy.com/cart.html]
[antoraenergy.com/team.html]
[antoraenergy.com/technology.html]
[antoraenergy.com/news-and-press.html]
[antoraenergy.com/contact.html]
[images.squarespace-cdn.com/content/v1/61cce1ec2ed28d268711c055/f8638ad8-f714-492e-bacc-356f27e9d891/Investor+Logos+for+Website.png]
[images.squarespace-cdn.com/content/v1/61cce1ec2ed28d268711c055/80653589-4fbb-4b5d-a11e-71972c9c559b/Horizontal.png]
[assets.squarespace.com/universal/scripts-compressed/common-vendors-a3c3cf5190f10570a1d7a-min.en-US.js]
[assets.squarespace.com/universal/scripts-compressed/common-3d2a30bda0ed841519027-min.en-US.js]
[antoraenergy.com/index.html]
[assets.squarespace.com/universal/images-v6/damask/error-dark.png]
[assets.squarespace.com/universal/images-v6/damask/error-dark@2x.png]
[assets.squarespace.com/universal/images-v6/damask/play-button.png]
[assets.squarespace.com/universal/images-v6/damask/play-button@2x.png]
[static1.squarespace.com/static/vta/5c5a519771c10ba3470d8101/scripts/site-bundle.e80be4525be51fd4800c34f8d9e0f420.js]
[assets.squarespace.com/universal/images-v6/damask/edit-aviary-light.png]
[assets.squarespace.com/universal/images-v6/damask/edit-aviary-light@2x.png]
[assets.squarespace.com/universal/images-v6/damask/edit-info-light.png]
[assets.squarespace.com/universal/images-v6/damask/edit-info-light@2x.png]
[assets.squarespace.com/universal/images-v6/damask/trash-9-light.png]
[assets.squarespace.com/universal/images-v6/damask/trash-9-light@2x.png]
[assets.squarespace.com/universal/images-v6/damask/trash-9-red.png]
[assets.squarespace.com/universal/images-v6/damask/trash-9-red@2x.png]
[assets.squarespace.com/universal/images-v6/damask/getty-16-light.png]
[assets.squarespace.com/universal/images-v6/damask/getty-32-light.png]
[assets.squarespace.com/universal/images-v6/damask/shopping-cart-16-light.png]
[assets.squarespace.com/universal/images-v6/damask/shopping-cart-32-light.png]
[static1.squarespace.com/universal/images-v6/icons/block-indicator-dark.png]
[static1.squarespace.com/universal/images-v6/icons/block-indicator-dark@2x.png]
[static1.squarespace.com/universal/images-v6/icons/opentable-icons.png]
[static1.squarespace.com/universal/images-v6/icons/icon-searchqueries-20-dark.png]
[static1.squarespace.com/universal/images-v6/icons/icon-searchqueries-20-light.png]
[assets.squarespace.com/universal/images-v6/icons/icon-video-24-light-solid.png]
[assets.squarespace.com/universal/images-v6/standard/icon_close_7_light.png]
[assets.squarespace.com/universal/images-v6/icons/icon-settings-16-light.png]
[static1.squarespace.com/static/versioned-site-css/61cce1ec2ed28d268711c055/78/5c5a519771c10ba3470d8101/61cce1ec2ed28d268711c088/1233/site.css]
[static1.squarespace.com/static/versioned-site-css/61cce1ec2ed28d268711c055/78/5c5a519771c10ba3470d8101/61cce1ec2ed28d268711c088/1236/site.css]
[static1.squarespace.com/static/vta/5c5a519771c10ba3470d8101/scripts/site-bundle.2bcead3e45292dd2ca76335bceb625b4.js]
[antoraenergy.com/cart.html]
[antoraenergy.com/team.html]
[images.squarespace-cdn.com/content/v1/61cce1ec2ed28d268711c055/2c7e776e-dee9-4cae-9758-04ecf6d8bf21/Tech+Graphic+V2+(1).png]
[assets.squarespace.com/universal/scripts-compressed/common-vendors-84c2352503f60f37dbd19-min.en-US.js]
[images.squarespace-cdn.com/content/v1/61cce1ec2ed28d268711c055/3a5b9db9-4e1d-4680-927f-ae1f9d9e7489/karsten-wurth-0w-uTa0Xz7w-unsplash.jpg]
[assets.squarespace.com/universal/scripts-compressed/common-36d47c25e9258c1f75063-min.en-US.js]
[antoraenergy.com/technology.html]
[images.squarespace-cdn.com/content/v1/61cce1ec2ed28d268711c055/2299d3cb-350f-4932-bbd5-474588e513d2/Screen+Shot+2022-04-13+at+7.25.40+AM.png]
[images.squarespace-cdn.com/content/v1/61cce1ec2ed28d268711c055/1645045177099-3Z1CEFA0CMBUL6QV5UCA/MediumPostImage.png]
[images.squarespace-cdn.com/content/v1/61cce1ec2ed28d268711c055/1645026821474-BZULM7AOCSXG9MS5SJF8/CNBCArticleImage-Antora.png]
[assets.squarespace.com/universal/scripts-compressed/commerce-checkout-c79710c85e3cd50eaa52b-min.en-US.js]
[images.squarespace-cdn.com/content/v1/61cce1ec2ed28d268711c055/594d4cd5-7e19-4b56-b72e-b536644164af/iccup-xNtwmcRP-gw-unsplash.jpg]
[images.squarespace-cdn.com/content/v1/61cce1ec2ed28d268711c055/77f8962e-a70e-490a-8e9b-b63a85cd4828/Screen+Shot+2022-01-27+at+7.14.44+AM.png]
[images.squarespace-cdn.com/content/v1/61cce1ec2ed28d268711c055/07e88d7e-b63e-4c0d-afa8-e592d5481f48/Screen+Shot+2021-12-30+at+5.23.38+PM.jpg]
[images.squarespace-cdn.com/content/v1/61cce1ec2ed28d268711c055/1331016e-1599-41a5-9768-91b06319843c/american-public-power-association-dCx2xFuPWks-unsplash.jpg]
[images.squarespace-cdn.com/content/v1/61cce1ec2ed28d268711c055/f3276de3-eaed-444d-86e3-672415d82b90/Screen+Shot+2021-12-31+at+11.00.40+AM.jpg]
[images.squarespace-cdn.com/content/v1/61cce1ec2ed28d268711c055/a6b9b643-8675-4d29-8ffb-acbaa16f865e/federico-beccari-kRnkqSKZODQ-unsplash.jpg]
[images.squarespace-cdn.com/content/v1/61cce1ec2ed28d268711c055/cd033d1d-6dd7-4134-a856-2668e224dcff/geran-de-klerk-qzgN45hseN0-unsplash.jpg]
[images.squarespace-cdn.com/content/v1/61cce1ec2ed28d268711c055/508efab1-fc3e-45f9-9f13-fc906bdaa9f7/Screen+Shot+2021-12-30+at+5.17.18+PM.jpg]
[images.squarespace-cdn.com/content/v1/61cce1ec2ed28d268711c055/daf4a8e1-245d-474c-9f1a-28995c66e5d5/carolina-pimenta-hBsOq3RcndM-unsplash.jpg]
[images.squarespace-cdn.com/content/v1/61cce1ec2ed28d268711c055/c267a0e6-84e8-459b-8d41-794032f9a8ce/american-public-power-association-XGAZzyLzn18-unsplash.jpg]
[images.squarespace-cdn.com/content/v1/61cce1ec2ed28d268711c055/69d50cd6-c0f8-4604-b3b0-64702b67d729/alerkiv-C2S_2gmmQlw-unsplash.jpg]
[images.squarespace-cdn.com/content/v1/61cce1ec2ed28d268711c055/fce2cf91-b8f7-4a2b-b074-29ab81e43da5/ivan-bandura-N_FDXbXwQmc-unsplash.jpg]
[images.squarespace-cdn.com/content/v1/61cce1ec2ed28d268711c055/77530347-3d2c-41f0-b469-9652757d48b5/tommy-kwak-sKSen62w9kE-unsplash.jpg]
[images.squarespace-cdn.com/content/v1/61cce1ec2ed28d268711c055/a3835d2a-de7d-43fe-ab95-83f7f4d8496f/casey-horner-D4TooCIEyF4-unsplash.jpg]
[images.squarespace-cdn.com/content/v1/61cce1ec2ed28d268711c055/eccfe3cd-77cb-4a94-b200-39ed9e08f9f3/Screen+Shot+2021-12-30+at+5.13.33+PM.jpg]
[images.squarespace-cdn.com/content/v1/61cce1ec2ed28d268711c055/a9515336-16b5-4cc2-9015-04e060c3a9cc/Screen+Shot+2021-12-30+at+5.12.03+PM.jpg]
[images.squarespace-cdn.com/content/v1/61cce1ec2ed28d268711c055/b90aee92-62ef-4f97-a062-ac02f314e2c7/antora_team_at_cyclotron_-_credit_lbnl_562x375.jpg]
[images.squarespace-cdn.com/content/v1/61cce1ec2ed28d268711c055/1386178f-5d4d-487b-8474-6524be7086bb/daniel-j-schwarz-bXRxaGX9MsY-unsplash.jpg]
[images.squarespace-cdn.com/content/v1/61cce1ec2ed28d268711c055/6dd26565-d835-4b80-ab20-501edf271f63/Screen+Shot+2021-12-30+at+4.58.38+PM.jpg]
[images.squarespace-cdn.com/content/v1/61cce1ec2ed28d268711c055/10b15ddb-da1e-428d-a0a2-8317ccba7a6b/nong-v-YxKeVN0DaVo-unsplash.jpg]
[images.squarespace-cdn.com/content/v1/61cce1ec2ed28d268711c055/7b922261-3d3e-47d2-a923-cfe0ddf6e83f/erwan-hesry-1q75BReKpms-unsplash.jpg]
[antoraenergy.com/news-and-press.html]
[antoraenergy.com/contact.html]
[static1.squarespace.com/static/versioned-site-css/61cce1ec2ed28d268711c055/78/5c5a519771c10ba3470d8101/61cce1ec2ed28d268711c088/1236/site.css]
[antoraenergy.com/_/cdn.embedly.com/widgets/mediad432.html]
[antoraenergy.com/_/cdn.embedly.com/widgets/mediac0ab.html]
[antoraenergy.com/_/cdn.embedly.com/widgets/mediac286.html]
[antoraenergy.com/_/cdn.embedly.com/widgets/media9c9a.html]
[antoraenergy.com/_/cdn.embedly.com/widgets/mediab574.html]
